
 /----------------------------------------------------------------------------\
 |                                                                            |
 |  yosys -- Yosys Open SYnthesis Suite                                       |
 |                                                                            |
 |  Copyright (C) 2012 - 2020  Claire Xenia Wolf <claire@yosyshq.com>         |
 |                                                                            |
 |  Permission to use, copy, modify, and/or distribute this software for any  |
 |  purpose with or without fee is hereby granted, provided that the above    |
 |  copyright notice and this permission notice appear in all copies.         |
 |                                                                            |
 |  THE SOFTWARE IS PROVIDED "AS IS" AND THE AUTHOR DISCLAIMS ALL WARRANTIES  |
 |  WITH REGARD TO THIS SOFTWARE INCLUDING ALL IMPLIED WARRANTIES OF          |
 |  MERCHANTABILITY AND FITNESS. IN NO EVENT SHALL THE AUTHOR BE LIABLE FOR   |
 |  ANY SPECIAL, DIRECT, INDIRECT, OR CONSEQUENTIAL DAMAGES OR ANY DAMAGES    |
 |  WHATSOEVER RESULTING FROM LOSS OF USE, DATA OR PROFITS, WHETHER IN AN     |
 |  ACTION OF CONTRACT, NEGLIGENCE OR OTHER TORTIOUS ACTION, ARISING OUT OF   |
 |  OR IN CONNECTION WITH THE USE OR PERFORMANCE OF THIS SOFTWARE.            |
 |                                                                            |
 \----------------------------------------------------------------------------/

 Yosys 0.36+58 (git sha1 ea7818d31, clang 10.0.0-4ubuntu1 -fPIC -Os)


-- Executing script file `design_smt2.ys' --

1. Executing RTLIL frontend.
Input filename: design_prep.il

2. Executing HIERARCHY pass (managing design hierarchy).

2.1. Analyzing design hierarchy..
Top module:  \miter

2.2. Analyzing design hierarchy..
Top module:  \miter
Removed 0 unused modules.
Module miter directly or indirectly contains formal properties -> setting "keep" attribute.

3. Executing FORMALFF pass.

4. Executing DFFUNMAP pass (unmap clock enable and synchronous reset from FFs).

5. Printing statistics.

=== miter ===

   Number of wires:                663
   Number of wire bits:           2181
   Number of public wires:         222
   Number of public wire bits:    1171
   Number of memories:               0
   Number of memory bits:            0
   Number of processes:              0
   Number of cells:                500
     $and                           47
     $anyinit                        6
     $assert                        11
     $assume                         6
     $bwmux                          8
     $ff                            12
     $logic_and                     25
     $logic_not                      1
     $logic_or                      29
     $mux                           16
     $not                          136
     $or                            84
     $reduce_and                    58
     $reduce_or                      3
     $xnor                          58

6. Executing SMT2 backend.

6.1. Executing BMUXMAP pass.

6.2. Executing DEMUXMAP pass.
Creating SMT-LIBv2 representation of module miter.

End of script. Logfile hash: ca093bc984, CPU: user 0.02s system 0.01s, MEM: 13.12 MB peak
Yosys 0.36+58 (git sha1 ea7818d31, clang 10.0.0-4ubuntu1 -fPIC -Os)
Time spent: 52% 2x write_smt2 (0 sec), 40% 2x read_ilang (0 sec), ...
